APFloatTest.DecimalStringsWithoutNullTerminators
APFloatTest.Denormal
APFloatTest.FMA
APFloatTest.MaxNum
APFloatTest.MinNum
APFloatTest.PPCDoubleDouble
APFloatTest.SemanticsDeath
APFloatTest.StringDecimalDeath
APFloatTest.StringDecimalExponentDeath
APFloatTest.StringDecimalSignificandDeath
APFloatTest.StringHexadecimalDeath
APFloatTest.StringHexadecimalExponentDeath
APFloatTest.StringHexadecimalSignificandDeath
APFloatTest.Zero
APFloatTest.abs
APFloatTest.add
APFloatTest.convert
APFloatTest.copySign
APFloatTest.divide
APFloatTest.exactInverse
APFloatTest.frexp
APFloatTest.fromDecimalString
APFloatTest.fromHexadecimalString
APFloatTest.fromZeroDecimalLargeExponentString
APFloatTest.fromZeroDecimalSingleExponentString
APFloatTest.fromZeroDecimalString
APFloatTest.fromZeroHexadecimalString
APFloatTest.getLargest
APFloatTest.getSmallest
APFloatTest.getSmallestNormalized
APFloatTest.getZero
APFloatTest.ilogb
APFloatTest.isFinite
APFloatTest.isFiniteNonZero
APFloatTest.isInfinity
APFloatTest.isInteger
APFloatTest.isNaN
APFloatTest.isNegative
APFloatTest.isNormal
APFloatTest.isSignaling
APFloatTest.makeNaN
APFloatTest.multiply
APFloatTest.next
APFloatTest.operatorOverloads
APFloatTest.roundToIntegral
APFloatTest.scalbn
APFloatTest.subtract
APFloatTest.toInteger
APFloatTest.toString
APIntTest.FromArray
APIntTest.IsSplat
APIntTest.LargeAPIntConstruction
APIntTest.Log2
APIntTest.Rotate
APIntTest.SelfMoveAssignment
APIntTest.ShiftLeftByZero
APIntTest.Splat
APIntTest.StringBitsNeeded10
APIntTest.StringBitsNeeded16
APIntTest.StringBitsNeeded2
APIntTest.StringBitsNeeded8
APIntTest.StringDeath
APIntTest.ValueInit
APIntTest.arrayAccess
APIntTest.compare
APIntTest.compareLargeIntegers
APIntTest.compareWithHalfInt64Max
APIntTest.compareWithInt64Min
APIntTest.compareWithRawIntegers
APIntTest.divrem_big1
APIntTest.divrem_big2
APIntTest.divrem_big3
APIntTest.divrem_big4
APIntTest.divrem_big5
APIntTest.divrem_big6
APIntTest.divrem_big7
APIntTest.fromString
APIntTest.i1
APIntTest.i128_NegativeCount
APIntTest.i128_PositiveCount
APIntTest.i33_Count
APIntTest.i65_Count
APIntTest.isMask
APIntTest.magic
APIntTest.magicu
APIntTest.mul_clear
APIntTest.nearestLogBase2
APIntTest.reverseBits
APIntTest.rvalue_arithmetic
APIntTest.tcDecrement
APIntTest.toString
APSIntTest.FromString
APSIntTest.MoveTest
APSIntTest.StringDeath
APSIntTest.compareValues
APSIntTest.get
APSIntTest.getExtValue
APSIntTest.getUnsigned
ArrayRefTest.AllocatorCopy
ArrayRefTest.ConstConvert
ArrayRefTest.DropBack
ArrayRefTest.DropFront
ArrayRefTest.EmptyEquals
ArrayRefTest.Equals
ArrayRefTest.InitializerList
ArrayRefTest.Slice
ArrayRefTest.makeArrayRef
BitmaskEnumTest.BitwiseAnd
BitmaskEnumTest.BitwiseAndEquals
BitmaskEnumTest.BitwiseNot
BitmaskEnumTest.BitwiseOr
BitmaskEnumTest.BitwiseOrEquals
BitmaskEnumTest.BitwiseXor
BitmaskEnumTest.BitwiseXorEquals
BitmaskEnumTest.EnumInNamespace
BitmaskEnumTest.EnumInStruct
BitmaskEnumTest.ScopedEnum
DAGDeltaAlgorithmTest.Basic
DeltaAlgorithmTest.Basic
DenseMapCustomTest.CachedHashTest
DenseMapCustomTest.CachedHashTest2
DenseMapCustomTest.DefaultMinReservedSizeTest
DenseMapCustomTest.FindAsTest
DenseMapCustomTest.InitFromIterator
DenseMapCustomTest.InitialSizeTest
DenseMapCustomTest.ReserveTest
DenseMapCustomTest.SmallDenseMapGrowTest
DenseMapCustomTest.StringRefTest
DenseMapCustomTest.TryEmplaceTest
DenseSetCustomTest.FindAsTest
DenseSetTest.DoubleEntrySetTest
FoldingSetTest.CapacityLargerThanReserve
FoldingSetTest.ClearOnEmpty
FoldingSetTest.ClearOnNonEmpty
FoldingSetTest.EmptyIsFalse
FoldingSetTest.EmptyIsTrue
FoldingSetTest.GetOrInsertGetting
FoldingSetTest.GetOrInsertInserting
FoldingSetTest.IDComparison
FoldingSetTest.InsertAtPos
FoldingSetTest.MissedIDComparison
FoldingSetTest.RemoveNodeThatIsAbsent
FoldingSetTest.RemoveNodeThatIsPresent
FoldingSetTest.SmallReserveChangesNothing
FoldingSetTest.UnalignedStringTest
FunctionRefTest.Copy
HashingTest.HashCombineArgs18
HashingTest.HashCombineBasicTest
HashingTest.HashCombineRangeBasicTest
HashingTest.HashCombineRangeGoldenTest
HashingTest.HashCombineRangeLengthDiff
HashingTest.HashValueBasicTest
HashingTest.HashValueStdPair
HashingTest.HashValueStdString
ImmutableMapTest.EmptyIntMapTest
ImmutableMapTest.MultiElemIntMapTest
ImmutableSetTest.Callback2CharSetTest
ImmutableSetTest.CallbackCharSetTest
ImmutableSetTest.EmptyIntSetTest
ImmutableSetTest.IterLongSetTest
ImmutableSetTest.MultiElemIntSetTest
ImmutableSetTest.OneElemIntSetTest
ImmutableSetTest.RemoveIntSetTest
IntEqClasses.Simple
IntervalMapOverlapsTest.BigMaps
IntervalMapOverlapsTest.SmallMaps
IntervalMapTest.Branched
IntervalMapTest.Branched2
IntervalMapTest.EmptyMap
IntervalMapTest.RandomCoalescing
IntervalMapTest.RootCoalescing
IntervalMapTest.RootMultiCoalescing
IntervalMapTest.SingleEntryMap
IntrusiveRefCntPtr.RefCountedBaseCopyDoesNotLeak
IntrusiveRefCntPtr.RefCountedBaseVPTRCopyDoesNotLeak
IntrusiveRefCntPtr.UsesTraitsToRetainAndRelease
MakeUniqueTest.Array
MakeUniqueTest.SingleObject
MapVectorTest.erase
MapVectorTest.insert_pop
MapVectorTest.iteration_test
MapVectorTest.remove_if
MapVectorTest.swap
OptionalTest.ConstructingCopyAssignmentTest
OptionalTest.CopyConstructionTest
OptionalTest.CopyingCopyAssignmentTest
OptionalTest.DeletingCopyAssignmentTest
OptionalTest.Emplace
OptionalTest.GetValueOr
OptionalTest.ImmovableEmplace
OptionalTest.InitializationLeakTest
OptionalTest.MoveGetValueOr
OptionalTest.MoveOnlyAssigningAssignment
OptionalTest.MoveOnlyAssignment
OptionalTest.MoveOnlyConstruction
OptionalTest.MoveOnlyInitializingAssignment
OptionalTest.MoveOnlyMoveConstruction
OptionalTest.MoveOnlyNull
OptionalTest.MoveOnlyNullingAssignment
OptionalTest.NonDefaultConstructibleTest
OptionalTest.NoneComparison
OptionalTest.NullCopyConstructionTest
OptionalTest.ResetTest
PackedVectorTest.Operation
PackedVectorTest.SignedValues
PackedVectorTest.UnsignedValues
PointerEmbeddedIntTest.Basic
PointerEmbeddedIntTest.PointerLikeTypeTraits
PointerEmbeddedIntTest.intptr_t
PointerIntPairTest.DefaultInitialize
PointerIntPairTest.GetSet
PointerIntPairTest.ManyUnusedBits
PointerSumTypeTest.Assignment
PointerSumTypeTest.Cast
PointerSumTypeTest.Get
PointerSumTypeTest.GetTag
PointerSumTypeTest.Is
PointerSumTypeTest.NullTest
PointerUnionTest.Comparison
PointerUnionTest.Get
PointerUnionTest.Is
PointerUnionTest.Null
PostOrderIteratorTest.Compiles
SCCIteratorTest.AllSmallGraphs
SequenceTest.Basic
SetVector.EraseTest
SmallMapVectorLargeTest.erase
SmallMapVectorLargeTest.insert_pop
SmallMapVectorLargeTest.iteration_test
SmallMapVectorLargeTest.remove_if
SmallMapVectorSmallTest.erase
SmallMapVectorSmallTest.insert_pop
SmallMapVectorSmallTest.iteration_test
SmallMapVectorSmallTest.remove_if
SmallPtrSetTest.Assignment
SmallPtrSetTest.CopyAndMoveTest
SmallPtrSetTest.EraseTest
SmallPtrSetTest.GrowthTest
SmallPtrSetTest.SwapTest
SmallStringTest.AppendIterPair
SmallStringTest.AppendSmallVector
SmallStringTest.AppendStringRef
SmallStringTest.AssignIterPair
SmallStringTest.AssignRepeated
SmallStringTest.AssignSmallVector
SmallStringTest.AssignStringRef
SmallStringTest.Count
SmallStringTest.EmptyStringTest
SmallStringTest.Find
SmallStringTest.Realloc
SmallStringTest.Slice
SmallStringTest.Substr
SmallVectorCustomTest.NoAssignTest
SmallVectorTest.EmplaceBack
SmallVectorTest.InitializerList
SmallVectorTest.MidInsert
SparseBitVectorTest.IntersectWith
SparseBitVectorTest.SelfAssignment
SparseBitVectorTest.TrivialOperation
SparseMultiSetTest.AltStructSet
SparseMultiSetTest.EmptySet
SparseMultiSetTest.Iterators
SparseMultiSetTest.MultipleEntrySet
SparseMultiSetTest.SingleEntrySet
SparseSetTest.AltStructSet
SparseSetTest.EmptySet
SparseSetTest.MultipleEntrySet
SparseSetTest.PopBack
SparseSetTest.SingleEntrySet
StringMapCustomTest.BracketOperatorCtor
StringMapCustomTest.EmplaceTest
StringMapCustomTest.InitialSizeTest
StringMapTest.ClearTest
StringMapTest.ConstEmptyMapTest
StringMapTest.CopyCtorTest
StringMapTest.CtorArg
StringMapTest.EmptyMapTest
StringMapTest.EraseIteratorTest
StringMapTest.EraseValueTest
StringMapTest.InsertAndEraseTest
StringMapTest.InsertPairTest
StringMapTest.InsertRehashingPairTest
StringMapTest.InsertTest
StringMapTest.IterationTest
StringMapTest.MoveAssignment
StringMapTest.MoveConstruct
StringMapTest.MoveDtor
StringMapTest.MoveOnly
StringMapTest.NonDefaultConstructable
StringMapTest.SingleEntryMapTest
StringMapTest.SmallFullMapTest
StringMapTest.StringMapEntryTest
StringRefTest.AllocatorCopy
StringRefTest.Comparisons
StringRefTest.Construction
StringRefTest.Count
StringRefTest.EditDistance
StringRefTest.EndsWith
StringRefTest.EndsWithLower
StringRefTest.Find
StringRefTest.Hashing
StringRefTest.Iteration
StringRefTest.Misc
StringRefTest.Operators
StringRefTest.Slice
StringRefTest.Split
StringRefTest.Split2
StringRefTest.StartsWith
StringRefTest.StartsWithLower
StringRefTest.StringOps
StringRefTest.Substr
StringRefTest.Trim
StringRefTest.getAsInteger
StringRefTest.getAsUnsignedIntegerBadStrings
StringRefTest.joinStrings
TinyPtrVectorTest.ArrayRefCtorTest
TinyPtrVectorTest.MutableArrayRefTest
TinyPtrVectorTest.SingleEltCtorTest
TripleTest.BasicParsing
TripleTest.BitWidthArchVariants
TripleTest.BitWidthPredicates
TripleTest.EndianArchVariants
TripleTest.FileFormat
TripleTest.MutateName
TripleTest.Normalization
TripleTest.NormalizeARM
TripleTest.NormalizeWindows
TripleTest.ParseARMArch
TripleTest.ParsedIDs
TripleTest.getARMCPUForArch
TripleTest.getOSVersion
TwineTest.Characters
TwineTest.Concat
TwineTest.Construction
TwineTest.Numbers
TwineTest.toNullTerminatedStringRef
VariadicFunction1Test.Works
VariadicFunction3Test.Works
VariadicFunctionTest.WorksForClassTypes
VariadicFunctionTest.WorksForPrimitiveTypes
ilistTest.Basic
ilistTest.SpliceOne
ilistTest.UnsafeClear
